******************************************************************************
                  TI ARM Linker PC v20.2.0                     
******************************************************************************
>> Linked Mon Jun 22 07:58:50 2020

OUTPUT FILE NAME:   <Invernadero.out>
ENTRY POINT SYMBOL: "_c_int00_noargs"  address: 00001df5


MEMORY CONFIGURATION

         name            origin    length      used     unused   attr    fill
----------------------  --------  ---------  --------  --------  ----  --------
  FLASH                 00000000   00100000  00002130  000fded0  R  X
  SRAM                  20000000   00040000  00000230  0003fdd0  RW X


SEGMENT ALLOCATION MAP

run origin  load origin   length   init length attrs members
----------  ----------- ---------- ----------- ----- -------
00000000    00000000    00002130   00002130    r-x
  00000000    00000000    00000208   00000208    r-- .intvecs
  00000208    00000208    00001ca4   00001ca4    r-x .text
  00001eac    00001eac    00000254   00000254    r-- .const
  00002100    00002100    00000030   00000030    r-- .cinit
20000000    20000000    00000230   00000000    rw-
  20000000    20000000    00000200   00000000    rw- .stack
  20000200    20000200    00000028   00000000    rw- .bss
  20000228    20000228    00000008   00000000    rw- .data


SECTION ALLOCATION MAP

 output                                  attributes/
section   page    origin      length       input sections
--------  ----  ----------  ----------   ----------------
.intvecs   0    00000000    00000208     
                  00000000    00000208     tm4c1294ncpdt_startup_ccs.obj (.intvecs)

.text      0    00000208    00001ca4     
                  00000208    00001560     ivernadero.obj (.text)
                  00001768    00000200     driverlib.lib : sysctl.obj (.text:SysCtlClockFreqSet)
                  00001968    000001b6     rtsv7M4_T_le_v4SPD16_eabi.lib : fd_add_t2.asm.obj (.text)
                  00001b1e    000000fc                                   : fd_mul_t2.asm.obj (.text)
                  00001c1a    0000009c                                   : memcpy_t2.asm.obj (.text)
                  00001cb6    00000068                                   : copy_decompress_lzss.c.obj (.text:decompress:lzss:__TI_decompress_lzss)
                  00001d1e    00000002     --HOLE-- [fill = 0]
                  00001d20    00000048     driverlib.lib : sysctl.obj (.text:_SysCtlFrequencyGet)
                  00001d68    00000048     rtsv7M4_T_le_v4SPD16_eabi.lib : fd_toi_t2.asm.obj (.text)
                  00001db0    00000044                                   : autoinit.c.obj (.text:__TI_auto_init_nobinit_nopinit:__TI_auto_init_nobinit_nopinit)
                  00001df4    00000034                                   : boot_cortex_m.c.obj (.text:_c_int00_noargs:_c_int00_noargs)
                  00001e28    00000020     driverlib.lib : sysctl.obj (.text:_SysCtlMemTimingGet)
                  00001e48    00000020     rtsv7M4_T_le_v4SPD16_eabi.lib : u_tofd_t2.asm.obj (.text)
                  00001e68    0000001c                                   : copy_zero_init.c.obj (.text:decompress:ZI:__TI_zero_init_nomemset:__TI_zero_init_nomemset)
                  00001e84    0000000e                                   : copy_decompress_none.c.obj (.text:decompress:none:__TI_decompress_none)
                  00001e92    0000000c     tm4c1294ncpdt_startup_ccs.obj (.text)
                  00001e9e    00000006     driverlib.lib : sysctl.obj (.text:SysCtlDelay)
                  00001ea4    00000004     rtsv7M4_T_le_v4SPD16_eabi.lib : pre_init.c.obj (.text:_system_pre_init)
                  00001ea8    00000004                                   : exit.c.obj (.text:abort:abort)

.const     0    00001eac    00000254     
                  00001eac    000001b0     driverlib.lib : sysctl.obj (.const:g_pppui32XTALtoVCO)
                  0000205c    0000006c                   : sysctl.obj (.const:g_pui32Xtals)
                  000020c8    00000030                   : sysctl.obj (.const:g_sXTALtoMEMTIM)
                  000020f8    00000008                   : sysctl.obj (.const)

.cinit     0    00002100    00000030     
                  00002100    0000000c     (__TI_handler_table)
                  0000210c    0000000a     (.cinit..data.load) [load image, compression = lzss]
                  00002116    00000002     --HOLE-- [fill = 0]
                  00002118    00000008     (.cinit..bss.load) [load image, compression = zero_init]
                  00002120    00000010     (__TI_cinit_table)

.init_array 
*          0    00000000    00000000     UNINITIALIZED

.bss       0    20000200    00000028     UNINITIALIZED
                  20000200    00000004     (.common:DATO32BIT)
                  20000204    00000004     (.common:Lectura)
                  20000208    00000004     (.common:LecturaB)
                  2000020c    00000004     (.common:Sistema)
                  20000210    00000004     (.common:Temp)
                  20000214    00000004     (.common:Valvula)
                  20000218    00000004     (.common:Ventilador)
                  2000021c    00000004     (.common:a)
                  20000220    00000004     (.common:b)
                  20000224    00000004     (.common:g_ui32SysClock)

.data      0    20000228    00000008     UNINITIALIZED
                  20000228    00000008     ivernadero.obj (.data)

.stack     0    20000000    00000200     UNINITIALIZED
                  20000000    00000004     rtsv7M4_T_le_v4SPD16_eabi.lib : boot_cortex_m.c.obj (.stack)
                  20000004    000001fc     --HOLE--

__llvm_prf_cnts 
*          0    20000000    00000000     UNINITIALIZED

MODULE SUMMARY

       Module                          code   ro data   rw data
       ------                          ----   -------   -------
    .\
       ivernadero.obj                  5472   0         48     
       tm4c1294ncpdt_startup_ccs.obj   12     520       0      
    +--+-------------------------------+------+---------+---------+
       Total:                          5484   520       48     
                                                               
    C:/ti/TivaWare_C_Series-2.1.4.178/driverlib/ccs/Debug/driverlib.lib
       sysctl.obj                      622    596       0      
    +--+-------------------------------+------+---------+---------+
       Total:                          622    596       0      
                                                               
    C:\ti\ccs1000\ccs\tools\compiler\ti-cgt-arm_20.2.0.LTS\lib\rtsv7M4_T_le_v4SPD16_eabi.lib
       fd_add_t2.asm.obj               438    0         0      
       fd_mul_t2.asm.obj               252    0         0      
       memcpy_t2.asm.obj               156    0         0      
       copy_decompress_lzss.c.obj      104    0         0      
       fd_toi_t2.asm.obj               72     0         0      
       autoinit.c.obj                  68     0         0      
       boot_cortex_m.c.obj             52     0         0      
       u_tofd_t2.asm.obj               32     0         0      
       copy_zero_init.c.obj            28     0         0      
       copy_decompress_none.c.obj      14     0         0      
       exit.c.obj                      4      0         0      
       pre_init.c.obj                  4      0         0      
    +--+-------------------------------+------+---------+---------+
       Total:                          1224   0         0      
                                                               
       Stack:                          0      0         512    
       Linker Generated:               0      46        0      
    +--+-------------------------------+------+---------+---------+
       Grand Total:                    7330   1162      560    


LINKER GENERATED COPY TABLES

__TI_cinit_table @ 00002120 records: 2, size/record: 8, table size: 16
	.data: load addr=0000210c, load size=0000000a bytes, run addr=20000228, run size=00000008 bytes, compression=lzss
	.bss: load addr=00002118, load size=00000008 bytes, run addr=20000200, run size=00000028 bytes, compression=zero_init


LINKER GENERATED HANDLER TABLE

__TI_handler_table @ 00002100 records: 3, size/record: 4, table size: 12
	index: 0, handler: __TI_decompress_lzss
	index: 1, handler: __TI_decompress_none
	index: 2, handler: __TI_zero_init


GLOBAL SYMBOLS: SORTED ALPHABETICALLY BY Name 

address   name                          
-------   ----                          
0000075d  ApagadoTotal                  
00001ea9  C$$EXIT                       
00001629  Control_con_leds              
20000200  DATO32BIT                     
000004c3  EncenderLM35                  
0000078d  EncendidoTotal                
00000861  Encendido_RS32                
00000805  HandlerJ                      
000009b1  IMP_NOMBRES                   
20000204  Lectura                       
20000208  LecturaB                      
0000073d  ParametrosIniciales           
00000565  ReadSensorValue               
00001e93  ResetISR                      
000005e5  SendValue                     
2000020c  Sistema                       
00001769  SysCtlClockFreqSet            
00001e9f  SysCtlDelay                   
000007cb  TMR4                          
20000210  Temp                          
00000fab  UART0_AVISO_SISTEMA           
000014a5  UART0_AVISO_TEMP              
00001197  UART0_AVISO_VALVULA           
0000108f  UART0_AVISO_VENTILADOR        
000008e1  UART0_dato                    
20000214  Valvula                       
20000218  Ventilador                    
20000200  __STACK_END                   
00000200  __STACK_SIZE                  
20000200  __STACK_TOP                   
00002120  __TI_CINIT_Base               
00002130  __TI_CINIT_Limit              
00002100  __TI_Handler_Table_Base       
0000210c  __TI_Handler_Table_Limit      
00001db1  __TI_auto_init_nobinit_nopinit
00001cb7  __TI_decompress_lzss          
00001e85  __TI_decompress_none          
ffffffff  __TI_pprof_out_hndl           
ffffffff  __TI_prof_data_size           
ffffffff  __TI_prof_data_start          
00000000  __TI_static_base__            
00001e69  __TI_zero_init_nomemset       
00001d69  __aeabi_d2iz                  
00001973  __aeabi_dadd                  
00001b1f  __aeabi_dmul                  
00001969  __aeabi_dsub                  
00001c1b  __aeabi_memcpy                
00001c1b  __aeabi_memcpy4               
00001c1b  __aeabi_memcpy8               
00001e49  __aeabi_ui2d                  
ffffffff  __binit__                     
ffffffff  __c_args__                    
UNDEFED   __mpu_init                    
20000000  __stack                       
20000000  __start___llvm_prf_cnts       
20000000  __stop___llvm_prf_cnts        
00001df5  _c_int00_noargs               
UNDEFED   _system_post_cinit            
00001ea5  _system_pre_init              
2000021c  a                             
00001ea9  abort                         
00000435  abrir_valvula                 
00000209  apagado                       
20000220  b                             
ffffffff  binit                         
000003f7  cerrar_valvula                
000006e3  confT4                        
0000160d  config_puertos_leds           
00000211  config_puertos_timers         
00000000  g_pfnVectors                  
20000224  g_ui32SysClock                
00000393  giro_1                        
000003c5  giro_2                        
000016e7  main                          
00001c1b  memcpy                        
20000228  numero_pasos                  
000002eb  off_ventilador                
000002a3  on_ventilador                 
0000031b  pasos_1                       
00000357  pasos_2                       
0000067d  setclock                      
00000695  setportsGPIO                  
2000022c  timeout                       


GLOBAL SYMBOLS: SORTED BY Symbol Address 

address   name                          
-------   ----                          
00000000  __TI_static_base__            
00000000  g_pfnVectors                  
00000200  __STACK_SIZE                  
00000209  apagado                       
00000211  config_puertos_timers         
000002a3  on_ventilador                 
000002eb  off_ventilador                
0000031b  pasos_1                       
00000357  pasos_2                       
00000393  giro_1                        
000003c5  giro_2                        
000003f7  cerrar_valvula                
00000435  abrir_valvula                 
000004c3  EncenderLM35                  
00000565  ReadSensorValue               
000005e5  SendValue                     
0000067d  setclock                      
00000695  setportsGPIO                  
000006e3  confT4                        
0000073d  ParametrosIniciales           
0000075d  ApagadoTotal                  
0000078d  EncendidoTotal                
000007cb  TMR4                          
00000805  HandlerJ                      
00000861  Encendido_RS32                
000008e1  UART0_dato                    
000009b1  IMP_NOMBRES                   
00000fab  UART0_AVISO_SISTEMA           
0000108f  UART0_AVISO_VENTILADOR        
00001197  UART0_AVISO_VALVULA           
000014a5  UART0_AVISO_TEMP              
0000160d  config_puertos_leds           
00001629  Control_con_leds              
000016e7  main                          
00001769  SysCtlClockFreqSet            
00001969  __aeabi_dsub                  
00001973  __aeabi_dadd                  
00001b1f  __aeabi_dmul                  
00001c1b  __aeabi_memcpy                
00001c1b  __aeabi_memcpy4               
00001c1b  __aeabi_memcpy8               
00001c1b  memcpy                        
00001cb7  __TI_decompress_lzss          
00001d69  __aeabi_d2iz                  
00001db1  __TI_auto_init_nobinit_nopinit
00001df5  _c_int00_noargs               
00001e49  __aeabi_ui2d                  
00001e69  __TI_zero_init_nomemset       
00001e85  __TI_decompress_none          
00001e93  ResetISR                      
00001e9f  SysCtlDelay                   
00001ea5  _system_pre_init              
00001ea9  C$$EXIT                       
00001ea9  abort                         
00002100  __TI_Handler_Table_Base       
0000210c  __TI_Handler_Table_Limit      
00002120  __TI_CINIT_Base               
00002130  __TI_CINIT_Limit              
20000000  __stack                       
20000000  __start___llvm_prf_cnts       
20000000  __stop___llvm_prf_cnts        
20000200  DATO32BIT                     
20000200  __STACK_END                   
20000200  __STACK_TOP                   
20000204  Lectura                       
20000208  LecturaB                      
2000020c  Sistema                       
20000210  Temp                          
20000214  Valvula                       
20000218  Ventilador                    
2000021c  a                             
20000220  b                             
20000224  g_ui32SysClock                
20000228  numero_pasos                  
2000022c  timeout                       
ffffffff  __TI_pprof_out_hndl           
ffffffff  __TI_prof_data_size           
ffffffff  __TI_prof_data_start          
ffffffff  __binit__                     
ffffffff  __c_args__                    
ffffffff  binit                         
UNDEFED   __mpu_init                    
UNDEFED   _system_post_cinit            

[83 symbols]
